[0m09:55:59.168717 [debug] [MainThread]: Sending event: {'category': 'dbt', 'action': 'invocation', 'label': 'start', 'context': [<snowplow_tracker.self_describing_json.SelfDescribingJson object at 0x7ff113813730>, <snowplow_tracker.self_describing_json.SelfDescribingJson object at 0x7ff111f75bd0>, <snowplow_tracker.self_describing_json.SelfDescribingJson object at 0x7ff111f755a0>]}


============================== 09:55:59.188517 | d645ce9f-ccb3-452d-9290-39b05c8d91ad ==============================
[0m09:55:59.188517 [info ] [MainThread]: Running with dbt=1.7.9
[0m09:55:59.191878 [debug] [MainThread]: running dbt with arguments {'printer_width': '80', 'indirect_selection': 'eager', 'log_cache_events': 'False', 'write_json': 'True', 'partial_parse': 'True', 'cache_selected_only': 'False', 'warn_error': 'None', 'debug': 'False', 'fail_fast': 'False', 'log_path': 'logs', 'profiles_dir': '/dbt', 'version_check': 'True', 'use_colors': 'True', 'use_experimental_parser': 'False', 'no_print': 'None', 'quiet': 'False', 'warn_error_options': 'WarnErrorOptions(include=[], exclude=[])', 'invocation_command': 'dbt debug', 'static_parser': 'True', 'log_format': 'default', 'target_path': 'None', 'introspect': 'True', 'send_anonymous_usage_stats': 'True'}
[0m09:55:59.198191 [info ] [MainThread]: dbt version: 1.7.9
[0m09:55:59.202272 [info ] [MainThread]: python version: 3.10.7
[0m09:55:59.206456 [info ] [MainThread]: python path: /usr/local/bin/python
[0m09:55:59.213908 [info ] [MainThread]: os info: Linux-6.6.87.2-microsoft-standard-WSL2-x86_64-with-glibc2.31
[0m09:55:59.219071 [info ] [MainThread]: Using profiles dir at /dbt
[0m09:55:59.228486 [info ] [MainThread]: Using profiles.yml file at /dbt/profiles.yml
[0m09:55:59.233476 [info ] [MainThread]: Using dbt_project.yml file at /dbt/dbt_project.yml
[0m09:55:59.237359 [info ] [MainThread]: Configuration:
[0m09:55:59.240541 [info ] [MainThread]:   profiles.yml file [[31mERROR not found[0m]
[0m09:55:59.247621 [info ] [MainThread]:   dbt_project.yml file [[31mERROR not found[0m]
[0m09:55:59.254837 [info ] [MainThread]: Required dependencies:
[0m09:55:59.259262 [debug] [MainThread]: Executing "git --help"
[0m09:55:59.323060 [debug] [MainThread]: STDOUT: "b"usage: git [--version] [--help] [-C <path>] [-c <name>=<value>]\n           [--exec-path[=<path>]] [--html-path] [--man-path] [--info-path]\n           [-p | --paginate | -P | --no-pager] [--no-replace-objects] [--bare]\n           [--git-dir=<path>] [--work-tree=<path>] [--namespace=<name>]\n           <command> [<args>]\n\nThese are common Git commands used in various situations:\n\nstart a working area (see also: git help tutorial)\n   clone             Clone a repository into a new directory\n   init              Create an empty Git repository or reinitialize an existing one\n\nwork on the current change (see also: git help everyday)\n   add               Add file contents to the index\n   mv                Move or rename a file, a directory, or a symlink\n   restore           Restore working tree files\n   rm                Remove files from the working tree and from the index\n   sparse-checkout   Initialize and modify the sparse-checkout\n\nexamine the history and state (see also: git help revisions)\n   bisect            Use binary search to find the commit that introduced a bug\n   diff              Show changes between commits, commit and working tree, etc\n   grep              Print lines matching a pattern\n   log               Show commit logs\n   show              Show various types of objects\n   status            Show the working tree status\n\ngrow, mark and tweak your common history\n   branch            List, create, or delete branches\n   commit            Record changes to the repository\n   merge             Join two or more development histories together\n   rebase            Reapply commits on top of another base tip\n   reset             Reset current HEAD to the specified state\n   switch            Switch branches\n   tag               Create, list, delete or verify a tag object signed with GPG\n\ncollaborate (see also: git help workflows)\n   fetch             Download objects and refs from another repository\n   pull              Fetch from and integrate with another repository or a local branch\n   push              Update remote refs along with associated objects\n\n'git help -a' and 'git help -g' list available subcommands and some\nconcept guides. See 'git help <command>' or 'git help <concept>'\nto read about a specific subcommand or concept.\nSee 'git help git' for an overview of the system.\n""
[0m09:55:59.325815 [debug] [MainThread]: STDERR: "b''"
[0m09:55:59.328440 [info ] [MainThread]:  - git [[32mOK found[0m]

[0m09:55:59.335740 [info ] [MainThread]: Connection test skipped since no profile was found
[0m09:55:59.339744 [info ] [MainThread]: [31m2 checks failed:[0m
[0m09:55:59.345373 [info ] [MainThread]: dbt looked for a profiles.yml file in /dbt/profiles.yml, but did
not find one. For more information on configuring your profile, consult the
documentation:

https://docs.getdbt.com/docs/configure-your-profile


[0m09:55:59.349678 [info ] [MainThread]: Project loading failed for the following reason:
 project path </dbt/dbt_project.yml> not found

[0m09:55:59.356708 [debug] [MainThread]: Sending event: {'category': 'dbt', 'action': 'invocation', 'label': 'end', 'context': [<snowplow_tracker.self_describing_json.SelfDescribingJson object at 0x7ff113813730>, <snowplow_tracker.self_describing_json.SelfDescribingJson object at 0x7ff111c51000>, <snowplow_tracker.self_describing_json.SelfDescribingJson object at 0x7ff111c50ee0>]}
[0m09:55:59.359955 [debug] [MainThread]: Flushing usage events
[0m10:18:34.556982 [debug] [MainThread]: Sending event: {'category': 'dbt', 'action': 'invocation', 'label': 'start', 'context': [<snowplow_tracker.self_describing_json.SelfDescribingJson object at 0x7a82fa5cf730>, <snowplow_tracker.self_describing_json.SelfDescribingJson object at 0x7a82f90e5c30>, <snowplow_tracker.self_describing_json.SelfDescribingJson object at 0x7a82f90e5b70>]}


============================== 10:18:34.565229 | 5a1d2b54-fb64-4672-bdf9-03b958603406 ==============================
[0m10:18:34.565229 [info ] [MainThread]: Running with dbt=1.7.9
[0m10:18:34.567025 [debug] [MainThread]: running dbt with arguments {'printer_width': '80', 'indirect_selection': 'eager', 'log_cache_events': 'False', 'write_json': 'True', 'partial_parse': 'True', 'cache_selected_only': 'False', 'profiles_dir': '/dbt', 'version_check': 'True', 'warn_error': 'None', 'log_path': 'logs', 'fail_fast': 'False', 'debug': 'False', 'use_colors': 'True', 'use_experimental_parser': 'False', 'no_print': 'None', 'quiet': 'False', 'log_format': 'default', 'introspect': 'True', 'invocation_command': 'dbt debug', 'warn_error_options': 'WarnErrorOptions(include=[], exclude=[])', 'target_path': 'None', 'static_parser': 'True', 'send_anonymous_usage_stats': 'True'}
[0m10:18:34.569442 [info ] [MainThread]: dbt version: 1.7.9
[0m10:18:34.571185 [info ] [MainThread]: python version: 3.10.7
[0m10:18:34.573175 [info ] [MainThread]: python path: /usr/local/bin/python
[0m10:18:34.574943 [info ] [MainThread]: os info: Linux-6.6.87.2-microsoft-standard-WSL2-x86_64-with-glibc2.31
[0m10:18:34.576804 [info ] [MainThread]: Using profiles dir at /dbt
[0m10:18:34.578882 [info ] [MainThread]: Using profiles.yml file at /dbt/profiles.yml
[0m10:18:34.580342 [info ] [MainThread]: Using dbt_project.yml file at /dbt/dbt_project.yml
[0m10:18:34.582249 [info ] [MainThread]: Configuration:
[0m10:18:34.583801 [info ] [MainThread]:   profiles.yml file [[31mERROR not found[0m]
[0m10:18:34.587698 [info ] [MainThread]:   dbt_project.yml file [[31mERROR not found[0m]
[0m10:18:34.589797 [info ] [MainThread]: Required dependencies:
[0m10:18:34.591794 [debug] [MainThread]: Executing "git --help"
[0m10:18:34.610706 [debug] [MainThread]: STDOUT: "b"usage: git [--version] [--help] [-C <path>] [-c <name>=<value>]\n           [--exec-path[=<path>]] [--html-path] [--man-path] [--info-path]\n           [-p | --paginate | -P | --no-pager] [--no-replace-objects] [--bare]\n           [--git-dir=<path>] [--work-tree=<path>] [--namespace=<name>]\n           <command> [<args>]\n\nThese are common Git commands used in various situations:\n\nstart a working area (see also: git help tutorial)\n   clone             Clone a repository into a new directory\n   init              Create an empty Git repository or reinitialize an existing one\n\nwork on the current change (see also: git help everyday)\n   add               Add file contents to the index\n   mv                Move or rename a file, a directory, or a symlink\n   restore           Restore working tree files\n   rm                Remove files from the working tree and from the index\n   sparse-checkout   Initialize and modify the sparse-checkout\n\nexamine the history and state (see also: git help revisions)\n   bisect            Use binary search to find the commit that introduced a bug\n   diff              Show changes between commits, commit and working tree, etc\n   grep              Print lines matching a pattern\n   log               Show commit logs\n   show              Show various types of objects\n   status            Show the working tree status\n\ngrow, mark and tweak your common history\n   branch            List, create, or delete branches\n   commit            Record changes to the repository\n   merge             Join two or more development histories together\n   rebase            Reapply commits on top of another base tip\n   reset             Reset current HEAD to the specified state\n   switch            Switch branches\n   tag               Create, list, delete or verify a tag object signed with GPG\n\ncollaborate (see also: git help workflows)\n   fetch             Download objects and refs from another repository\n   pull              Fetch from and integrate with another repository or a local branch\n   push              Update remote refs along with associated objects\n\n'git help -a' and 'git help -g' list available subcommands and some\nconcept guides. See 'git help <command>' or 'git help <concept>'\nto read about a specific subcommand or concept.\nSee 'git help git' for an overview of the system.\n""
[0m10:18:34.612574 [debug] [MainThread]: STDERR: "b''"
[0m10:18:34.613953 [info ] [MainThread]:  - git [[32mOK found[0m]

[0m10:18:34.615783 [info ] [MainThread]: Connection test skipped since no profile was found
[0m10:18:34.617942 [info ] [MainThread]: [31m2 checks failed:[0m
[0m10:18:34.620259 [info ] [MainThread]: dbt looked for a profiles.yml file in /dbt/profiles.yml, but did
not find one. For more information on configuring your profile, consult the
documentation:

https://docs.getdbt.com/docs/configure-your-profile


[0m10:18:34.622192 [info ] [MainThread]: Project loading failed for the following reason:
 project path </dbt/dbt_project.yml> not found

[0m10:18:34.633999 [debug] [MainThread]: Sending event: {'category': 'dbt', 'action': 'invocation', 'label': 'end', 'context': [<snowplow_tracker.self_describing_json.SelfDescribingJson object at 0x7a82fa5cf730>, <snowplow_tracker.self_describing_json.SelfDescribingJson object at 0x7a82f8bc9060>, <snowplow_tracker.self_describing_json.SelfDescribingJson object at 0x7a82f8bc8f40>]}
[0m10:18:34.637847 [debug] [MainThread]: Flushing usage events
[0m10:24:23.170578 [debug] [MainThread]: Sending event: {'category': 'dbt', 'action': 'invocation', 'label': 'start', 'context': [<snowplow_tracker.self_describing_json.SelfDescribingJson object at 0x77cc9fda7730>, <snowplow_tracker.self_describing_json.SelfDescribingJson object at 0x77cc9e509c00>, <snowplow_tracker.self_describing_json.SelfDescribingJson object at 0x77cc9e5095d0>]}


============================== 10:24:23.181904 | e035f990-ce3c-4123-bd15-79f922d95723 ==============================
[0m10:24:23.181904 [info ] [MainThread]: Running with dbt=1.7.9
[0m10:24:23.184737 [debug] [MainThread]: running dbt with arguments {'printer_width': '80', 'indirect_selection': 'eager', 'write_json': 'True', 'log_cache_events': 'False', 'partial_parse': 'True', 'cache_selected_only': 'False', 'warn_error': 'None', 'debug': 'False', 'version_check': 'True', 'log_path': 'logs', 'profiles_dir': '/dbt', 'fail_fast': 'False', 'use_colors': 'True', 'use_experimental_parser': 'False', 'no_print': 'None', 'quiet': 'False', 'log_format': 'default', 'invocation_command': 'dbt debug', 'static_parser': 'True', 'warn_error_options': 'WarnErrorOptions(include=[], exclude=[])', 'target_path': 'None', 'introspect': 'True', 'send_anonymous_usage_stats': 'True'}
[0m10:24:23.187641 [info ] [MainThread]: dbt version: 1.7.9
[0m10:24:23.189484 [info ] [MainThread]: python version: 3.10.7
[0m10:24:23.191568 [info ] [MainThread]: python path: /usr/local/bin/python
[0m10:24:23.193706 [info ] [MainThread]: os info: Linux-6.6.87.2-microsoft-standard-WSL2-x86_64-with-glibc2.31
[0m10:24:23.196179 [info ] [MainThread]: Using profiles dir at /dbt
[0m10:24:23.198426 [info ] [MainThread]: Using profiles.yml file at /dbt/profiles.yml
[0m10:24:23.200308 [info ] [MainThread]: Using dbt_project.yml file at /dbt/dbt_project.yml
[0m10:24:23.202885 [info ] [MainThread]: Configuration:
[0m10:24:23.205514 [info ] [MainThread]:   profiles.yml file [[31mERROR not found[0m]
[0m10:24:23.207564 [info ] [MainThread]:   dbt_project.yml file [[31mERROR not found[0m]
[0m10:24:23.209963 [info ] [MainThread]: Required dependencies:
[0m10:24:23.215842 [debug] [MainThread]: Executing "git --help"
[0m10:24:23.220767 [debug] [MainThread]: STDOUT: "b"usage: git [--version] [--help] [-C <path>] [-c <name>=<value>]\n           [--exec-path[=<path>]] [--html-path] [--man-path] [--info-path]\n           [-p | --paginate | -P | --no-pager] [--no-replace-objects] [--bare]\n           [--git-dir=<path>] [--work-tree=<path>] [--namespace=<name>]\n           <command> [<args>]\n\nThese are common Git commands used in various situations:\n\nstart a working area (see also: git help tutorial)\n   clone             Clone a repository into a new directory\n   init              Create an empty Git repository or reinitialize an existing one\n\nwork on the current change (see also: git help everyday)\n   add               Add file contents to the index\n   mv                Move or rename a file, a directory, or a symlink\n   restore           Restore working tree files\n   rm                Remove files from the working tree and from the index\n   sparse-checkout   Initialize and modify the sparse-checkout\n\nexamine the history and state (see also: git help revisions)\n   bisect            Use binary search to find the commit that introduced a bug\n   diff              Show changes between commits, commit and working tree, etc\n   grep              Print lines matching a pattern\n   log               Show commit logs\n   show              Show various types of objects\n   status            Show the working tree status\n\ngrow, mark and tweak your common history\n   branch            List, create, or delete branches\n   commit            Record changes to the repository\n   merge             Join two or more development histories together\n   rebase            Reapply commits on top of another base tip\n   reset             Reset current HEAD to the specified state\n   switch            Switch branches\n   tag               Create, list, delete or verify a tag object signed with GPG\n\ncollaborate (see also: git help workflows)\n   fetch             Download objects and refs from another repository\n   pull              Fetch from and integrate with another repository or a local branch\n   push              Update remote refs along with associated objects\n\n'git help -a' and 'git help -g' list available subcommands and some\nconcept guides. See 'git help <command>' or 'git help <concept>'\nto read about a specific subcommand or concept.\nSee 'git help git' for an overview of the system.\n""
[0m10:24:23.223218 [debug] [MainThread]: STDERR: "b''"
[0m10:24:23.225411 [info ] [MainThread]:  - git [[32mOK found[0m]

[0m10:24:23.227812 [info ] [MainThread]: Connection test skipped since no profile was found
[0m10:24:23.230283 [info ] [MainThread]: [31m2 checks failed:[0m
[0m10:24:23.232574 [info ] [MainThread]: dbt looked for a profiles.yml file in /dbt/profiles.yml, but did
not find one. For more information on configuring your profile, consult the
documentation:

https://docs.getdbt.com/docs/configure-your-profile


[0m10:24:23.234757 [info ] [MainThread]: Project loading failed for the following reason:
 project path </dbt/dbt_project.yml> not found

[0m10:24:23.238101 [debug] [MainThread]: Sending event: {'category': 'dbt', 'action': 'invocation', 'label': 'end', 'context': [<snowplow_tracker.self_describing_json.SelfDescribingJson object at 0x77cc9fda7730>, <snowplow_tracker.self_describing_json.SelfDescribingJson object at 0x77cc9e1e1030>, <snowplow_tracker.self_describing_json.SelfDescribingJson object at 0x77cc9e1e0f10>]}
[0m10:24:23.240757 [debug] [MainThread]: Flushing usage events
[0m10:10:30.884085 [debug] [MainThread]: Sending event: {'category': 'dbt', 'action': 'invocation', 'label': 'start', 'context': [<snowplow_tracker.self_describing_json.SelfDescribingJson object at 0x7a997b71ec50>, <snowplow_tracker.self_describing_json.SelfDescribingJson object at 0x7a997be63220>, <snowplow_tracker.self_describing_json.SelfDescribingJson object at 0x7a997be63160>]}


============================== 10:10:30.890291 | 36871731-4bce-4a9a-bb0c-22befcb4ad42 ==============================
[0m10:10:30.890291 [info ] [MainThread]: Running with dbt=1.7.9
[0m10:10:30.892385 [debug] [MainThread]: running dbt with arguments {'printer_width': '80', 'indirect_selection': 'eager', 'log_cache_events': 'False', 'write_json': 'True', 'partial_parse': 'True', 'cache_selected_only': 'False', 'warn_error': 'None', 'version_check': 'True', 'profiles_dir': '/dbt', 'log_path': 'logs', 'debug': 'False', 'fail_fast': 'False', 'use_colors': 'True', 'use_experimental_parser': 'False', 'no_print': 'None', 'quiet': 'False', 'warn_error_options': 'WarnErrorOptions(include=[], exclude=[])', 'introspect': 'True', 'log_format': 'default', 'invocation_command': 'dbt debug', 'target_path': 'None', 'static_parser': 'True', 'send_anonymous_usage_stats': 'True'}
[0m10:10:30.894811 [info ] [MainThread]: dbt version: 1.7.9
[0m10:10:30.896859 [info ] [MainThread]: python version: 3.10.7
[0m10:10:30.898666 [info ] [MainThread]: python path: /usr/local/bin/python
[0m10:10:30.900818 [info ] [MainThread]: os info: Linux-6.6.87.2-microsoft-standard-WSL2-x86_64-with-glibc2.31
[0m10:10:30.903021 [info ] [MainThread]: Using profiles dir at /dbt
[0m10:10:30.904911 [info ] [MainThread]: Using profiles.yml file at /dbt/profiles.yml
[0m10:10:30.906411 [info ] [MainThread]: Using dbt_project.yml file at /dbt/dbt_project.yml
[0m10:10:30.908423 [info ] [MainThread]: Configuration:
[0m10:10:30.910283 [info ] [MainThread]:   profiles.yml file [[31mERROR not found[0m]
[0m10:10:30.912154 [info ] [MainThread]:   dbt_project.yml file [[31mERROR not found[0m]
[0m10:10:30.913945 [info ] [MainThread]: Required dependencies:
[0m10:10:30.915672 [debug] [MainThread]: Executing "git --help"
[0m10:10:30.929696 [debug] [MainThread]: STDOUT: "b"usage: git [--version] [--help] [-C <path>] [-c <name>=<value>]\n           [--exec-path[=<path>]] [--html-path] [--man-path] [--info-path]\n           [-p | --paginate | -P | --no-pager] [--no-replace-objects] [--bare]\n           [--git-dir=<path>] [--work-tree=<path>] [--namespace=<name>]\n           <command> [<args>]\n\nThese are common Git commands used in various situations:\n\nstart a working area (see also: git help tutorial)\n   clone             Clone a repository into a new directory\n   init              Create an empty Git repository or reinitialize an existing one\n\nwork on the current change (see also: git help everyday)\n   add               Add file contents to the index\n   mv                Move or rename a file, a directory, or a symlink\n   restore           Restore working tree files\n   rm                Remove files from the working tree and from the index\n   sparse-checkout   Initialize and modify the sparse-checkout\n\nexamine the history and state (see also: git help revisions)\n   bisect            Use binary search to find the commit that introduced a bug\n   diff              Show changes between commits, commit and working tree, etc\n   grep              Print lines matching a pattern\n   log               Show commit logs\n   show              Show various types of objects\n   status            Show the working tree status\n\ngrow, mark and tweak your common history\n   branch            List, create, or delete branches\n   commit            Record changes to the repository\n   merge             Join two or more development histories together\n   rebase            Reapply commits on top of another base tip\n   reset             Reset current HEAD to the specified state\n   switch            Switch branches\n   tag               Create, list, delete or verify a tag object signed with GPG\n\ncollaborate (see also: git help workflows)\n   fetch             Download objects and refs from another repository\n   pull              Fetch from and integrate with another repository or a local branch\n   push              Update remote refs along with associated objects\n\n'git help -a' and 'git help -g' list available subcommands and some\nconcept guides. See 'git help <command>' or 'git help <concept>'\nto read about a specific subcommand or concept.\nSee 'git help git' for an overview of the system.\n""
[0m10:10:30.931695 [debug] [MainThread]: STDERR: "b''"
[0m10:10:30.933074 [info ] [MainThread]:  - git [[32mOK found[0m]

[0m10:10:30.934183 [info ] [MainThread]: Connection test skipped since no profile was found
[0m10:10:30.935770 [info ] [MainThread]: [31m2 checks failed:[0m
[0m10:10:30.937619 [info ] [MainThread]: dbt looked for a profiles.yml file in /dbt/profiles.yml, but did
not find one. For more information on configuring your profile, consult the
documentation:

https://docs.getdbt.com/docs/configure-your-profile


[0m10:10:30.939380 [info ] [MainThread]: Project loading failed for the following reason:
 project path </dbt/dbt_project.yml> not found

[0m10:10:30.943202 [debug] [MainThread]: Sending event: {'category': 'dbt', 'action': 'invocation', 'label': 'end', 'context': [<snowplow_tracker.self_describing_json.SelfDescribingJson object at 0x7a997b71ec50>, <snowplow_tracker.self_describing_json.SelfDescribingJson object at 0x7a997be63160>, <snowplow_tracker.self_describing_json.SelfDescribingJson object at 0x7a997be63100>]}
[0m10:10:30.945010 [debug] [MainThread]: Flushing usage events
